LmHandler.c:301:24:LmHandlerInit	16	static
LmHandler.c:329:24:LmHandlerConfigure	128	static
LmHandler.c:424:6:LmHandlerIsBusy	8	static
LmHandler.c:445:6:LmHandlerProcess	16	static
LmHandler.c:465:23:LmHandlerJoinStatus	48	static
LmHandler.c:490:6:LmHandlerJoin	80	static
LmHandler.c:573:24:LmHandlerStop	8	static
LmHandler.c:585:24:LmHandlerSend	56	static
LmHandler.c:685:24:LmHandlerRequestClass	56	static
LmHandler.c:771:24:LmHandlerPackageRegister	24	static
LmHandler.c:805:9:LmHandlerGetCurrentClass	56	static
LmHandler.c:823:9:LmHandlerGetTxDatarate	56	static
LmHandler.c:842:9:LmHandlerGetActiveRegion	16	static
LmHandler.c:853:9:LmHandlerGetDevEUI	16	static
LmHandler.c:864:9:LmHandlerSetDevEUI	56	static
LmHandler.c:891:9:LmHandlerGetAppEUI	16	static
LmHandler.c:903:9:LmHandlerSetAppEUI	16	static
LmHandler.c:918:9:LmHandlerGetNetworkID	16	static
LmHandler.c:929:9:LmHandlerSetNetworkID	16	static
LmHandler.c:944:9:LmHandlerGetDevAddr	16	static
LmHandler.c:955:9:LmHandlerSetDevAddr	16	static
LmHandler.c:974:9:LmHandlerSetActiveRegion	16	static
LmHandler.c:989:9:LmHandlerGetAdrEnable	16	static
LmHandler.c:1000:9:LmHandlerSetAdrEnable	56	static
LmHandler.c:1014:9:LmHandlerSetTxDatarate	56	static
LmHandler.c:1034:9:LmHandlerGetDutyCycleEnable	16	static
LmHandler.c:1045:9:LmHandlerSetDutyCycleEnable	16	static
LmHandler.c:1053:9:LmHandlerGetRX2Params	56	static
LmHandler.c:1073:9:LmHandlerGetTxPower	56	static
LmHandler.c:1091:9:LmHandlerGetRx1Delay	56	static
LmHandler.c:1109:9:LmHandlerGetRx2Delay	56	static
LmHandler.c:1127:9:LmHandlerGetJoinRx1Delay	56	static
LmHandler.c:1145:9:LmHandlerGetJoinRx2Delay	56	static
LmHandler.c:1163:9:LmHandlerSetTxPower	56	static
LmHandler.c:1177:9:LmHandlerSetRX2Params	56	static
LmHandler.c:1192:9:LmHandlerSetRx1Delay	56	static
LmHandler.c:1205:9:LmHandlerSetRx2Delay	56	static
LmHandler.c:1218:9:LmHandlerSetJoinRx1Delay	56	static
LmHandler.c:1231:9:LmHandlerSetJoinRx2Delay	56	static
LmHandler.c:1244:9:LmHandlerGetPingPeriodicity	16	static
LmHandler.c:1259:9:LmHandlerSetPingPeriodicity	16	static
LmHandler.c:1278:9:LmHandlerGetBeaconState	16	static
LmHandler.c:1308:31:LmHandlerDeviceTimeReq	32	static
LmHandler.c:1377:13:McpsConfirm	16	static
LmHandler.c:1392:13:McpsIndication	40	static
LmHandler.c:1438:13:MlmeConfirm	56	static
LmHandler.c:1531:13:MlmeIndication	16	static
LmHandler.c:1582:13:LmHandlerPackageIsInitialized	16	static
LmHandler.c:1594:13:LmHandlerPackagesNotify	24	static
LmHandler.c:1635:13:DisplayClassUpdate	24	static
